// Jest Snapshot v1, https://jestjs.io/docs/snapshot-testing

exports[`TicketInfoHeader component matches snapshot 1`] = `
<DocumentFragment>
  <div
    class="MuiPaper-root MuiPaper-elevation MuiPaper-rounded MuiPaper-elevation1 css-ou8uee-MuiPaper-root"
    style="--Paper-shadow: 0px 2px 1px -1px rgba(0,0,0,0.2),0px 1px 1px 0px rgba(0,0,0,0.14),0px 1px 3px 0px rgba(0,0,0,0.12);"
  >
    <div
      class="MuiBox-root css-1abudc7"
    >
      <h4
        class="MuiTypography-root MuiTypography-h4 css-19eu13j-MuiTypography-root"
      >
        $100
      </h4>
      <h6
        class="MuiTypography-root MuiTypography-h6 css-r9b08t-MuiTypography-root"
      >
        S7 Airlines
      </h6>
    </div>
    <button
      class="MuiButtonBase-root MuiButton-root MuiButton-contained MuiButton-containedPrimary MuiButton-sizeMedium MuiButton-containedSizeMedium MuiButton-colorPrimary MuiButton-root MuiButton-contained MuiButton-containedPrimary MuiButton-sizeMedium MuiButton-containedSizeMedium MuiButton-colorPrimary css-14ruqh6-MuiButtonBase-root-MuiButton-root"
      tabindex="0"
      type="button"
    >
      Купить билет
    </button>
  </div>
</DocumentFragment>
`;
